[www.swosu.edu/administration/reslife/index.html]
[backblue.gif]
[fade.gif]
[index.html]
[www.swosu.edu/administration/reslife/index-2.html]
[www.swosu.edu/administration/reslife/black-kettle/index.html]
[www.swosu.edu/administration/reslife/rogers-jefferson/index.html]
[www.swosu.edu/administration/reslife/neff/index.html]
[www.swosu.edu/administration/reslife/oklahoma/index.html]
[www.swosu.edu/administration/reslife/stewart/index.html]
[www.swosu.edu/administration/reslife/apartments/index.html]
[www.swosu.edu/administration/reslife/bring.html]
[www.swosu.edu/administration/reslife/faqs.html]
[www.swosu.edu/administration/reslife/j-board.html]
[www.swosu.edu/administration/reslife/forms.html]
[www.swosu.edu/administration/reslife/contact.html]
[www.swosu.edu/administration/reslife/events-programs.html]
[www.swosu.edu/administration/reslife/images/residence-life-housing-w-1.jpg]
[www.swosu.edu/administration/reslife/index.html]
[www.swosu.edu/administration/reslife/index-2.html]
[www.swosu.edu/administration/reslife/images/black-kettle/bk-exterior.jpg]
[www.swosu.edu/administration/reslife/black-kettle/staff.html]
[www.swosu.edu/administration/reslife/black-kettle/floor-plans.html]
[www.swosu.edu/administration/reslife/black-kettle/black-kettle-pics.html]
[www.swosu.edu/administration/reslife/black-kettle/index.html]
[www.swosu.edu/administration/reslife/images/black-kettle/bk-vertical.jpg]
[www.swosu.edu/administration/reslife/rogers-jefferson/staff.html]
[www.swosu.edu/administration/reslife/rogers-jefferson/floor-plans.html]
[www.swosu.edu/administration/reslife/rogers-jefferson/r-j-pics.html]
[www.swosu.edu/administration/reslife/rogers-jefferson/index.html]
[www.swosu.edu/administration/reslife/images/rogersjefferson.jpg]
[www.swosu.edu/administration/reslife/neff/staff.html]
[www.swosu.edu/administration/reslife/neff/floor-plans.html]
[www.swosu.edu/administration/reslife/neff/neff-pics.html]
[www.swosu.edu/administration/reslife/neff/index.html]
[www.swosu.edu/administration/reslife/images/neff.jpg]
[www.swosu.edu/administration/reslife/oklahoma/staff.html]
[www.swosu.edu/administration/reslife/oklahoma/floor-plans.html]
[www.swosu.edu/administration/reslife/oklahoma/oklahoma-pics.html]
[www.swosu.edu/administration/reslife/images/oklahoma.jpg]
[www.swosu.edu/administration/reslife/oklahoma/index.html]
[www.swosu.edu/administration/reslife/stewart/staff.html]
[www.swosu.edu/administration/reslife/stewart/floor-plans.html]
[www.swosu.edu/administration/reslife/stewart/stewart-pics.html]
[www.swosu.edu/administration/reslife/images/stewart.jpg]
[www.swosu.edu/administration/reslife/stewart/index.html]
[www.swosu.edu/administration/reslife/images/apartments.jpg]
[www.swosu.edu/administration/reslife/apartments/floor-plans.html]
[www.swosu.edu/administration/reslife/apartments/index.html]
[www.swosu.edu/administration/reslife/bring.html]
[www.swosu.edu/administration/reslife/faqs.html]
[www.swosu.edu/administration/reslife/j-board.html]
[www.swosu.edu/administration/reslife/forms.html]
[www.swosu.edu/administration/reslife/contact.html]
[www.swosu.edu/administration/reslife/docs/tailgate-brochure-a.pdf]
[www.swosu.edu/administration/reslife/events-programs.html]
[www.swosu.edu/administration/reslife/images/black-kettle/bk-hc.jpg]
[www.swosu.edu/administration/reslife/images/black-kettle/lead-ra.jpg]
[www.swosu.edu/administration/reslife/images/black-kettle/bk-ras.jpg]
[www.swosu.edu/administration/reslife/black-kettle/staff.html]
[www.swosu.edu/administration/reslife/images/black-kettle/1st-floor-black-kettle.jpg]
[www.swosu.edu/administration/reslife/black-kettle/floor-plans.html]
[www.swosu.edu/administration/reslife/images/black-kettle/2nd-3rd-floors-black-kettle.jpg]
[www.swosu.edu/administration/reslife/images/black-kettle/bk-lobby.jpg]
[www.swosu.edu/administration/reslife/images/black-kettle/bk-game-room.jpg]
[www.swosu.edu/administration/reslife/images/black-kettle/bk-movie-room.jpg]
[www.swosu.edu/administration/reslife/images/black-kettle/bk-lounge.jpg]
[www.swosu.edu/administration/reslife/images/black-kettle/bk-2nd-study.jpg]
[www.swosu.edu/administration/reslife/images/black-kettle/bk-hallway.jpg]
[www.swosu.edu/administration/reslife/black-kettle/black-kettle-pics.html]
[www.swosu.edu/administration/reslife/images/black-kettle/bk-bedroom.jpg]
[www.swosu.edu/administration/reslife/images/hall-directors/luke-mccullom .jpg]
[www.swosu.edu/administration/reslife/rogers-jefferson/staff.html]
[www.swosu.edu/administration/reslife/images/r-j-hall/rj-staff.jpg]
[www.swosu.edu/administration/reslife/images/r-j-hall/rogers-floor-plan.jpg]
[www.swosu.edu/administration/reslife/images/r-j-hall/jefferson-floor-plan.jpg]
[www.swosu.edu/administration/reslife/rogers-jefferson/floor-plans.html]
[www.swosu.edu/administration/reslife/images/r-j-hall/bathroom1.jpg]
[www.swosu.edu/administration/reslife/images/r-j-hall/rj-lobby.jpg]
[www.swosu.edu/administration/reslife/images/r-j-hall/rj-laundry.jpg]
[www.swosu.edu/administration/reslife/images/r-j-hall/room3.jpg]
[www.swosu.edu/administration/reslife/images/r-j-hall/r-j-hall-front-desk.jpg]
[www.swosu.edu/administration/reslife/images/r-j-hall/rj-ping.jpg]
[www.swosu.edu/administration/reslife/rogers-jefferson/r-j-pics.html]
[www.swosu.edu/administration/reslife/images/hall-directors/joseph-dube.jpg]
[www.swosu.edu/administration/reslife/neff/staff.html]
[www.swosu.edu/administration/reslife/images/hall-directors/neff-staff.jpg]
[www.swosu.edu/administration/reslife/images/neff-hall/1st-floor-neff-hall.jpg]
[www.swosu.edu/administration/reslife/images/neff-hall/2nd-floor-neff-hall.jpg]
[www.swosu.edu/administration/reslife/neff/floor-plans.html]
[www.swosu.edu/administration/reslife/images/neff-hall/lobby2.jpg]
[www.swosu.edu/administration/reslife/images/neff-hall/neff-lobby.jpg]
[www.swosu.edu/administration/reslife/images/neff-hall/laundry1.jpg]
[www.swosu.edu/administration/reslife/images/neff-hall/neff-room.jpg]
[www.swosu.edu/administration/reslife/neff/neff-pics.html]
[www.swosu.edu/administration/reslife/images/hall-directors/patty-murphy.jpg]
[www.swosu.edu/administration/reslife/images/hall-directors/ok-staff.jpg]
[www.swosu.edu/administration/reslife/oklahoma/staff.html]
[www.swosu.edu/administration/reslife/oklahoma/floor-plans.html]
[www.swosu.edu/administration/reslife/images/oklahoma-hall/floor-plans.jpg]
[www.swosu.edu/administration/reslife/images/oklahoma-hall/lobby1.jpg]
[www.swosu.edu/administration/reslife/images/oklahoma-hall/lobby2.jpg]
[www.swosu.edu/administration/reslife/images/oklahoma-hall/lobby3.jpg]
[www.swosu.edu/administration/reslife/images/oklahoma-hall/lobby4.jpg]
[www.swosu.edu/administration/reslife/images/oklahoma-hall/lobby5.jpg]
[www.swosu.edu/administration/reslife/images/oklahoma-hall/oklahoma-dorm.jpg]
[www.swosu.edu/administration/reslife/images/oklahoma-hall/oklahoma-dorm-2.jpg]
[www.swosu.edu/administration/reslife/oklahoma/oklahoma-pics.html]
[www.swosu.edu/administration/reslife/images/hall-directors/korutney-skinner.jpg]
[www.swosu.edu/administration/reslife/images/hall-directors/stewart-staff.jpg]
[www.swosu.edu/administration/reslife/stewart/staff.html]
[www.swosu.edu/administration/reslife/images/stewart-hall/1st-floor-stewart-hall.jpg]
[www.swosu.edu/administration/reslife/images/stewart-hall/2nd-floor-stewart-hall.jpg]
[www.swosu.edu/administration/reslife/stewart/floor-plans.html]
[www.swosu.edu/administration/reslife/images/stewart-hall/3rd-floor-stewart-hall.jpg]
[www.swosu.edu/administration/reslife/images/stewart-hall/1.jpg]
[www.swosu.edu/administration/reslife/images/stewart-hall/2.jpg]
[www.swosu.edu/administration/reslife/images/stewart-hall/3.jpg]
[www.swosu.edu/administration/reslife/images/stewart-hall/4.jpg]
[www.swosu.edu/administration/reslife/images/stewart-hall/5.jpg]
[www.swosu.edu/administration/reslife/images/stewart-hall/6.jpg]
[www.swosu.edu/administration/reslife/stewart/stewart-pics.html]
[www.swosu.edu/administration/reslife/images/stewart-hall/7.jpg]
[www.swosu.edu/administration/reslife/images/apartments/large-floor-plan.jpg]
[www.swosu.edu/administration/reslife/apartments/floor-plans.html]
[www.swosu.edu/administration/reslife/images/apartments/small-floor-plan.jpg]
